// Jest Snapshot v1, https://goo.gl/fbAQLP

exports[`HomePage @renders renders the <HomePage/> without any error 1`] = `
<DocumentFragment>
  <div
    class="homePageView homePageView--initialState"
  >
    <center>
      <h2>
        URL Shortener!
      </h2>
      <p>
        Simply copy & paste your link and click the cut button!
      </p>
    </center>
    <form
      class="urlInputForm"
    >
      <input
        class="urlInputForm__input"
        placeholder="https://www.example.com"
        type="text"
        value=""
      />
      <button
        class="urlInputForm__submit"
        type="submit"
      >
        Cut me!
      </button>
    </form>
    <div
      class="urlShortenerOutput"
    >
      <textarea
        class="urlShortenerOutput__link"
        readonly=""
      />
    </div>
    <div
      class="loginForm"
    >
      <h3>
        Login
      </h3>
      <form
        class="loginForm__formContainer"
      >
        <input
          class="loginForm__email"
          placeholder="Email"
        />
        <input
          class="loginForm__password"
          placeholder="Password"
          type="password"
        />
        <div
          class="loginForm__buttons"
        >
          <button
            class="loginForm__submit"
          >
            Login
          </button>
        </div>
      </form>
    </div>
    <div
      class="signupForm"
    >
      <h3>
        Signup
      </h3>
      <form
        class="signupForm__formContainer"
      >
        <input
          class="signupForm__email"
          placeholder="Email"
        />
        <input
          class="signupForm__password"
          placeholder="Password"
          type="password"
        />
        <input
          class="signupForm__password"
          placeholder="Confirm Password"
          type="password"
        />
        <div
          class="signupForm__buttons"
        >
          <button
            class="signupForm__submit"
          >
            Sign up
          </button>
        </div>
      </form>
    </div>
  </div>
</DocumentFragment>
`;
