// Jest Snapshot v1, https://goo.gl/fbAQLP

exports[`Auth @renders renders the <Auth/> without any error 1`] = `
<DocumentFragment>
  <div
    class="authButtons"
  >
    <button
      class="authButtons__login"
    >
      Login
    </button>
    <button
      class="authButtons__signup"
    >
      Signup
    </button>
  </div>
  <div
    class="loginForm"
  >
    <form
      class="loginForm__formContainer"
    >
      <input
        class="loginForm__email"
        placeholder="Email"
        type="email"
      />
      <input
        class="loginForm__password"
        placeholder="Password"
        type="password"
      />
      <div
        class="loginForm__buttons"
      >
        <button
          class="loginForm__submit"
        >
          Login
        </button>
      </div>
    </form>
  </div>
</DocumentFragment>
`;
