// Jest Snapshot v1, https://goo.gl/fbAQLP

exports[`SignupForm @renders renders <SignupForm /> without any error 1`] = `
<DocumentFragment>
  <div
    class="signupForm"
  >
    <h3>
      Signup
    </h3>
    <form
      class="signupForm__formContainer"
    >
      <input
        class="signupForm__email"
        placeholder="Email"
      />
      <input
        class="signupForm__password"
        placeholder="Password"
        type="password"
      />
      <input
        class="signupForm__password"
        placeholder="Confirm Password"
        type="password"
      />
      <div
        class="signupForm__buttons"
      >
        <button
          class="signupForm__submit"
        >
          Sign up
        </button>
      </div>
    </form>
  </div>
</DocumentFragment>
`;
