// Jest Snapshot v1, https://goo.gl/fbAQLP

exports[`HomePageView @renders renders <HomePageView /> without any error 1`] = `
<DocumentFragment>
  <div
    class="homePageView homePageView--initialState"
  >
    <center>
      <h2>
        URL Shortener!
      </h2>
      <p>
        Simply copy & paste your link and click the cut button!
      </p>
    </center>
    <form
      class="urlInputForm"
    >
      <input
        class="urlInputForm__input"
        placeholder="https://www.example.com"
        type="text"
        value=""
      />
      <button
        class="urlInputForm__submit"
        type="submit"
      >
        Cut me!
      </button>
    </form>
    <div
      class="urlShortenerOutput"
    >
      <textarea
        class="urlShortenerOutput__link"
        readonly=""
      />
    </div>
    <div
      class="loginForm"
    >
      <form
        class="loginForm__formContainer"
      >
        <p>
          Signup to track your link!
        </p>
        <input
          class="loginForm__email"
          placeholder="Email"
        />
        <input
          class="loginForm__password"
          placeholder="Password"
        />
        <div
          class="loginForm__buttons"
        >
          <button
            class="loginForm__loginButton"
          >
            Login
          </button>
          <button
            class="loginForm__signupButton"
          >
            Signup
          </button>
        </div>
      </form>
    </div>
  </div>
</DocumentFragment>
`;
